(node:23462) Warning: SECURITY WARNING: The SSL modes 'prefer', 'require', and 'verify-ca' are treated as aliases for 'verify-full'.
In the next major version (pg-connection-string v3.0.0 and pg v9.0.0), these modes will adopt standard libpq semantics, which have weaker security guarantees.

To prepare for this change:
- If you want the current behavior, explicitly use 'sslmode=verify-full'
- If you want libpq compatibility now, use 'uselibpqcompat=true&sslmode=require'

See https://www.postgresql.org/docs/current/libpq-ssl.html for libpq SSL mode definitions.
(Use `node --trace-warnings ...` to show where the warning was created)
[postgres-compat] primary database connection failed; trying fallback DATABASE_URL {
  code: 'ENOTFOUND',
  message: 'getaddrinfo ENOTFOUND pg-abarva-context-lab-001.postgres.database.azure.com'
}
src/scripts/seed/seed-airline-dom101-revenue-management-pricing-ai-part1.ts: upserted 50 patterns and 100 graph edges
src/scripts/seed/seed-airline-dom101-revenue-management-pricing-ai-part2.ts: upserted 50 patterns and 100 graph edges
src/scripts/seed/seed-airline-dom101-revenue-management-pricing-ai-part3.ts: upserted 50 patterns and 100 graph edges
src/scripts/seed/seed-airline-dom102-pss-reservations-modernization-ai-part1.ts: upserted 50 patterns and 100 graph edges
src/scripts/seed/seed-airline-dom102-pss-reservations-modernization-ai-part2.ts: upserted 50 patterns and 100 graph edges
src/scripts/seed/seed-airline-dom102-pss-reservations-modernization-ai-part3.ts: upserted 50 patterns and 100 graph edges
src/scripts/seed/seed-airline-dom103-ndc-offer-order-retailing-ai-part1.ts: upserted 50 patterns and 100 graph edges
src/scripts/seed/seed-airline-dom103-ndc-offer-order-retailing-ai-part2.ts: upserted 50 patterns and 100 graph edges
src/scripts/seed/seed-airline-dom103-ndc-offer-order-retailing-ai-part3.ts: upserted 50 patterns and 100 graph edges
src/scripts/seed/seed-airline-dom104-crew-planning-rostering-ai-part1.ts: upserted 50 patterns and 100 graph edges
src/scripts/seed/seed-airline-dom104-crew-planning-rostering-ai-part2.ts: upserted 50 patterns and 100 graph edges
src/scripts/seed/seed-airline-dom104-crew-planning-rostering-ai-part3.ts: upserted 50 patterns and 100 graph edges
src/scripts/seed/seed-airline-dom105-irrops-recovery-decisioning-ai-part1.ts: upserted 50 patterns and 100 graph edges
src/scripts/seed/seed-airline-dom105-irrops-recovery-decisioning-ai-part2.ts: upserted 50 patterns and 100 graph edges
src/scripts/seed/seed-airline-dom105-irrops-recovery-decisioning-ai-part3.ts: upserted 50 patterns and 100 graph edges
src/scripts/seed/seed-airline-dom106-airport-turnaround-ops-ai-part1.ts: upserted 50 patterns and 100 graph edges
src/scripts/seed/seed-airline-dom106-airport-turnaround-ops-ai-part2.ts: upserted 50 patterns and 100 graph edges
src/scripts/seed/seed-airline-dom106-airport-turnaround-ops-ai-part3.ts: upserted 50 patterns and 100 graph edges
src/scripts/seed/seed-airline-dom107-baggage-tracking-recovery-ai-part1.ts: upserted 50 patterns and 100 graph edges
src/scripts/seed/seed-airline-dom107-baggage-tracking-recovery-ai-part2.ts: upserted 50 patterns and 100 graph edges
src/scripts/seed/seed-airline-dom107-baggage-tracking-recovery-ai-part3.ts: upserted 50 patterns and 100 graph edges
src/scripts/seed/seed-airline-dom108-mro-predictive-maintenance-ai-part1.ts: upserted 50 patterns and 100 graph edges
src/scripts/seed/seed-airline-dom108-mro-predictive-maintenance-ai-part2.ts: upserted 50 patterns and 100 graph edges
src/scripts/seed/seed-airline-dom108-mro-predictive-maintenance-ai-part3.ts: upserted 50 patterns and 100 graph edges
src/scripts/seed/seed-airline-dom109-aircraft-health-iot-ai-part1.ts: upserted 50 patterns and 100 graph edges
src/scripts/seed/seed-airline-dom109-aircraft-health-iot-ai-part2.ts: upserted 50 patterns and 100 graph edges
src/scripts/seed/seed-airline-dom109-aircraft-health-iot-ai-part3.ts: upserted 50 patterns and 100 graph edges
src/scripts/seed/seed-airline-dom110-safety-management-sms-ai-part1.ts: upserted 50 patterns and 100 graph edges
src/scripts/seed/seed-airline-dom110-safety-management-sms-ai-part2.ts: upserted 50 patterns and 100 graph edges
src/scripts/seed/seed-airline-dom110-safety-management-sms-ai-part3.ts: upserted 50 patterns and 100 graph edges
src/scripts/seed/seed-airline-dom111-flight-operations-dispatch-ai-part1.ts: upserted 50 patterns and 100 graph edges
src/scripts/seed/seed-airline-dom111-flight-operations-dispatch-ai-part2.ts: upserted 50 patterns and 100 graph edges
src/scripts/seed/seed-airline-dom111-flight-operations-dispatch-ai-part3.ts: upserted 50 patterns and 100 graph edges
src/scripts/seed/seed-airline-dom112-fuel-optimization-sustainability-ai-part1.ts: upserted 50 patterns and 100 graph edges
src/scripts/seed/seed-airline-dom112-fuel-optimization-sustainability-ai-part2.ts: upserted 50 patterns and 100 graph edges
src/scripts/seed/seed-airline-dom112-fuel-optimization-sustainability-ai-part3.ts: upserted 50 patterns and 100 graph edges
src/scripts/seed/seed-airline-dom113-loyalty-personalization-ai-part1.ts: upserted 50 patterns and 100 graph edges
src/scripts/seed/seed-airline-dom113-loyalty-personalization-ai-part2.ts: upserted 50 patterns and 100 graph edges
src/scripts/seed/seed-airline-dom113-loyalty-personalization-ai-part3.ts: upserted 50 patterns and 100 graph edges
src/scripts/seed/seed-airline-dom114-digital-channels-mobile-ai-part1.ts: upserted 50 patterns and 100 graph edges
src/scripts/seed/seed-airline-dom114-digital-channels-mobile-ai-part2.ts: upserted 50 patterns and 100 graph edges
src/scripts/seed/seed-airline-dom114-digital-channels-mobile-ai-part3.ts: upserted 50 patterns and 100 graph edges
src/scripts/seed/seed-airline-dom115-contact-center-agentic-service-ai-part1.ts: upserted 50 patterns and 100 graph edges
src/scripts/seed/seed-airline-dom115-contact-center-agentic-service-ai-part2.ts: upserted 50 patterns and 100 graph edges
src/scripts/seed/seed-airline-dom115-contact-center-agentic-service-ai-part3.ts: upserted 50 patterns and 100 graph edges
src/scripts/seed/seed-airline-dom116-ancillary-merchandising-ai-part1.ts: upserted 50 patterns and 100 graph edges
src/scripts/seed/seed-airline-dom116-ancillary-merchandising-ai-part2.ts: upserted 50 patterns and 100 graph edges
src/scripts/seed/seed-airline-dom116-ancillary-merchandising-ai-part3.ts: upserted 50 patterns and 100 graph edges
src/scripts/seed/seed-airline-dom117-payments-fraud-revenue-integrity-ai-part1.ts: upserted 50 patterns and 100 graph edges
src/scripts/seed/seed-airline-dom117-payments-fraud-revenue-integrity-ai-part2.ts: upserted 50 patterns and 100 graph edges
src/scripts/seed/seed-airline-dom117-payments-fraud-revenue-integrity-ai-part3.ts: upserted 50 patterns and 100 graph edges
src/scripts/seed/seed-airline-dom118-cargo-charter-logistics-ai-part1.ts: upserted 50 patterns and 100 graph edges
src/scripts/seed/seed-airline-dom118-cargo-charter-logistics-ai-part2.ts: upserted 50 patterns and 100 graph edges
src/scripts/seed/seed-airline-dom118-cargo-charter-logistics-ai-part3.ts: upserted 50 patterns and 100 graph edges
src/scripts/seed/seed-airline-dom119-corporate-sales-travel-program-ai-part1.ts: upserted 50 patterns and 100 graph edges
src/scripts/seed/seed-airline-dom119-corporate-sales-travel-program-ai-part2.ts: upserted 50 patterns and 100 graph edges
src/scripts/seed/seed-airline-dom119-corporate-sales-travel-program-ai-part3.ts: upserted 50 patterns and 100 graph edges
src/scripts/seed/seed-airline-dom120-alliance-codeshare-interline-ai-part1.ts: upserted 50 patterns and 100 graph edges
src/scripts/seed/seed-airline-dom120-alliance-codeshare-interline-ai-part2.ts: upserted 50 patterns and 100 graph edges
src/scripts/seed/seed-airline-dom120-alliance-codeshare-interline-ai-part3.ts: upserted 50 patterns and 100 graph edges
src/scripts/seed/seed-airline-dom121-revenue-accounting-settlement-ai-part1.ts: upserted 50 patterns and 100 graph edges
src/scripts/seed/seed-airline-dom121-revenue-accounting-settlement-ai-part2.ts: upserted 50 patterns and 100 graph edges
src/scripts/seed/seed-airline-dom121-revenue-accounting-settlement-ai-part3.ts: upserted 50 patterns and 100 graph edges
src/scripts/seed/seed-airline-dom122-schedule-network-planning-ai-part1.ts: upserted 50 patterns and 100 graph edges
src/scripts/seed/seed-airline-dom122-schedule-network-planning-ai-part2.ts: upserted 50 patterns and 100 graph edges
src/scripts/seed/seed-airline-dom122-schedule-network-planning-ai-part3.ts: upserted 50 patterns and 100 graph edges
src/scripts/seed/seed-airline-dom123-fleet-planning-aircraft-economics-ai-part1.ts: upserted 50 patterns and 100 graph edges
src/scripts/seed/seed-airline-dom123-fleet-planning-aircraft-economics-ai-part2.ts: upserted 50 patterns and 100 graph edges
src/scripts/seed/seed-airline-dom123-fleet-planning-aircraft-economics-ai-part3.ts: upserted 50 patterns and 100 graph edges
src/scripts/seed/seed-airline-dom124-procurement-vendor-sourcing-ai-part1.ts: upserted 50 patterns and 100 graph edges
src/scripts/seed/seed-airline-dom124-procurement-vendor-sourcing-ai-part2.ts: upserted 50 patterns and 100 graph edges
src/scripts/seed/seed-airline-dom124-procurement-vendor-sourcing-ai-part3.ts: upserted 50 patterns and 100 graph edges
src/scripts/seed/seed-airline-dom125-ibm-mainframe-modernization-ai-part1.ts: upserted 50 patterns and 100 graph edges
src/scripts/seed/seed-airline-dom125-ibm-mainframe-modernization-ai-part2.ts: upserted 50 patterns and 100 graph edges
src/scripts/seed/seed-airline-dom125-ibm-mainframe-modernization-ai-part3.ts: upserted 50 patterns and 100 graph edges
src/scripts/seed/seed-airline-dom126-engineering-productivity-sdlc-ai-part1.ts: upserted 50 patterns and 100 graph edges
src/scripts/seed/seed-airline-dom126-engineering-productivity-sdlc-ai-part2.ts: upserted 50 patterns and 100 graph edges
src/scripts/seed/seed-airline-dom126-engineering-productivity-sdlc-ai-part3.ts: upserted 50 patterns and 100 graph edges
src/scripts/seed/seed-airline-dom127-data-platform-governance-ai-part1.ts: upserted 50 patterns and 100 graph edges
src/scripts/seed/seed-airline-dom127-data-platform-governance-ai-part2.ts: upserted 50 patterns and 100 graph edges
src/scripts/seed/seed-airline-dom127-data-platform-governance-ai-part3.ts: upserted 50 patterns and 100 graph edges
src/scripts/seed/seed-airline-dom128-cybersecurity-zero-trust-ai-part1.ts: upserted 50 patterns and 100 graph edges
src/scripts/seed/seed-airline-dom128-cybersecurity-zero-trust-ai-part2.ts: upserted 50 patterns and 100 graph edges
src/scripts/seed/seed-airline-dom128-cybersecurity-zero-trust-ai-part3.ts: upserted 50 patterns and 100 graph edges
src/scripts/seed/seed-airline-dom129-identity-biometrics-seamless-travel-ai-part1.ts: upserted 50 patterns and 100 graph edges
src/scripts/seed/seed-airline-dom129-identity-biometrics-seamless-travel-ai-part2.ts: upserted 50 patterns and 100 graph edges
src/scripts/seed/seed-airline-dom129-identity-biometrics-seamless-travel-ai-part3.ts: upserted 50 patterns and 100 graph edges
src/scripts/seed/seed-airline-dom130-privacy-consent-customer-data-ai-part1.ts: upserted 50 patterns and 100 graph edges
src/scripts/seed/seed-airline-dom130-privacy-consent-customer-data-ai-part2.ts: upserted 50 patterns and 100 graph edges
src/scripts/seed/seed-airline-dom130-privacy-consent-customer-data-ai-part3.ts: upserted 50 patterns and 100 graph edges
src/scripts/seed/seed-airline-dom131-workforce-labor-productivity-ai-part1.ts: upserted 50 patterns and 100 graph edges
src/scripts/seed/seed-airline-dom131-workforce-labor-productivity-ai-part2.ts: upserted 50 patterns and 100 graph edges
src/scripts/seed/seed-airline-dom131-workforce-labor-productivity-ai-part3.ts: upserted 50 patterns and 100 graph edges
src/scripts/seed/seed-airline-dom132-training-simulation-knowledge-ai-part1.ts: upserted 50 patterns and 100 graph edges
src/scripts/seed/seed-airline-dom132-training-simulation-knowledge-ai-part2.ts: upserted 50 patterns and 100 graph edges
src/scripts/seed/seed-airline-dom132-training-simulation-knowledge-ai-part3.ts: upserted 50 patterns and 100 graph edges
src/scripts/seed/seed-airline-dom133-finance-planning-cost-ai-part1.ts: upserted 50 patterns and 100 graph edges
src/scripts/seed/seed-airline-dom133-finance-planning-cost-ai-part2.ts: upserted 50 patterns and 100 graph edges
src/scripts/seed/seed-airline-dom133-finance-planning-cost-ai-part3.ts: upserted 50 patterns and 100 graph edges
src/scripts/seed/seed-airline-dom134-treasury-fx-fuel-hedging-ai-part1.ts: upserted 50 patterns and 100 graph edges
src/scripts/seed/seed-airline-dom134-treasury-fx-fuel-hedging-ai-part2.ts: upserted 50 patterns and 100 graph edges
src/scripts/seed/seed-airline-dom134-treasury-fx-fuel-hedging-ai-part3.ts: upserted 50 patterns and 100 graph edges
src/scripts/seed/seed-airline-dom135-legal-regulatory-consumer-ai-part1.ts: upserted 50 patterns and 100 graph edges
src/scripts/seed/seed-airline-dom135-legal-regulatory-consumer-ai-part2.ts: upserted 50 patterns and 100 graph edges
src/scripts/seed/seed-airline-dom135-legal-regulatory-consumer-ai-part3.ts: upserted 50 patterns and 100 graph edges
src/scripts/seed/seed-airline-dom136-accessibility-special-service-ai-part1.ts: upserted 50 patterns and 100 graph edges
src/scripts/seed/seed-airline-dom136-accessibility-special-service-ai-part2.ts: upserted 50 patterns and 100 graph edges
src/scripts/seed/seed-airline-dom136-accessibility-special-service-ai-part3.ts: upserted 50 patterns and 100 graph edges
src/scripts/seed/seed-airline-dom137-premium-experience-lounge-ai-part1.ts: upserted 50 patterns and 100 graph edges
src/scripts/seed/seed-airline-dom137-premium-experience-lounge-ai-part2.ts: upserted 50 patterns and 100 graph edges
src/scripts/seed/seed-airline-dom137-premium-experience-lounge-ai-part3.ts: upserted 50 patterns and 100 graph edges
src/scripts/seed/seed-airline-dom138-onboard-retail-connectivity-ai-part1.ts: upserted 50 patterns and 100 graph edges
src/scripts/seed/seed-airline-dom138-onboard-retail-connectivity-ai-part2.ts: upserted 50 patterns and 100 graph edges
src/scripts/seed/seed-airline-dom138-onboard-retail-connectivity-ai-part3.ts: upserted 50 patterns and 100 graph edges
src/scripts/seed/seed-airline-dom139-catering-provisioning-waste-ai-part1.ts: upserted 50 patterns and 100 graph edges
src/scripts/seed/seed-airline-dom139-catering-provisioning-waste-ai-part2.ts: upserted 50 patterns and 100 graph edges
src/scripts/seed/seed-airline-dom139-catering-provisioning-waste-ai-part3.ts: upserted 50 patterns and 100 graph edges
src/scripts/seed/seed-airline-dom140-crew-inflight-service-ai-part1.ts: upserted 50 patterns and 100 graph edges
src/scripts/seed/seed-airline-dom140-crew-inflight-service-ai-part2.ts: upserted 50 patterns and 100 graph edges
src/scripts/seed/seed-airline-dom140-crew-inflight-service-ai-part3.ts: upserted 50 patterns and 100 graph edges
src/scripts/seed/seed-airline-dom141-station-performance-control-ai-part1.ts: upserted 50 patterns and 100 graph edges
src/scripts/seed/seed-airline-dom141-station-performance-control-ai-part2.ts: upserted 50 patterns and 100 graph edges
src/scripts/seed/seed-airline-dom141-station-performance-control-ai-part3.ts: upserted 50 patterns and 100 graph edges
src/scripts/seed/seed-airline-dom142-weather-disruption-risk-ai-part1.ts: upserted 50 patterns and 100 graph edges
src/scripts/seed/seed-airline-dom142-weather-disruption-risk-ai-part2.ts: upserted 50 patterns and 100 graph edges
src/scripts/seed/seed-airline-dom142-weather-disruption-risk-ai-part3.ts: upserted 50 patterns and 100 graph edges
src/scripts/seed/seed-airline-dom143-air-traffic-flow-atfm-ai-part1.ts: upserted 50 patterns and 100 graph edges
src/scripts/seed/seed-airline-dom143-air-traffic-flow-atfm-ai-part2.ts: upserted 50 patterns and 100 graph edges
src/scripts/seed/seed-airline-dom143-air-traffic-flow-atfm-ai-part3.ts: upserted 50 patterns and 100 graph edges
src/scripts/seed/seed-airline-dom144-customer-communications-comms-ai-part1.ts: upserted 50 patterns and 100 graph edges
src/scripts/seed/seed-airline-dom144-customer-communications-comms-ai-part2.ts: upserted 50 patterns and 100 graph edges
src/scripts/seed/seed-airline-dom144-customer-communications-comms-ai-part3.ts: upserted 50 patterns and 100 graph edges
src/scripts/seed/seed-airline-dom145-refunds-vouchers-servicing-ai-part1.ts: upserted 50 patterns and 100 graph edges
src/scripts/seed/seed-airline-dom145-refunds-vouchers-servicing-ai-part2.ts: upserted 50 patterns and 100 graph edges
src/scripts/seed/seed-airline-dom145-refunds-vouchers-servicing-ai-part3.ts: upserted 50 patterns and 100 graph edges
src/scripts/seed/seed-airline-dom146-loyalty-partner-ecosystem-ai-part1.ts: upserted 50 patterns and 100 graph edges
src/scripts/seed/seed-airline-dom146-loyalty-partner-ecosystem-ai-part2.ts: upserted 50 patterns and 100 graph edges
src/scripts/seed/seed-airline-dom146-loyalty-partner-ecosystem-ai-part3.ts: upserted 50 patterns and 100 graph edges
src/scripts/seed/seed-airline-dom147-agency-gds-distribution-ai-part1.ts: upserted 50 patterns and 100 graph edges
src/scripts/seed/seed-airline-dom147-agency-gds-distribution-ai-part2.ts: upserted 50 patterns and 100 graph edges
src/scripts/seed/seed-airline-dom147-agency-gds-distribution-ai-part3.ts: upserted 50 patterns and 100 graph edges
src/scripts/seed/seed-airline-dom148-retail-media-commerce-ai-part1.ts: upserted 50 patterns and 100 graph edges
src/scripts/seed/seed-airline-dom148-retail-media-commerce-ai-part2.ts: upserted 50 patterns and 100 graph edges
src/scripts/seed/seed-airline-dom148-retail-media-commerce-ai-part3.ts: upserted 50 patterns and 100 graph edges
src/scripts/seed/seed-airline-dom149-erp-workday-sap-finance-ai-part1.ts: upserted 50 patterns and 100 graph edges
src/scripts/seed/seed-airline-dom149-erp-workday-sap-finance-ai-part2.ts: upserted 50 patterns and 100 graph edges
src/scripts/seed/seed-airline-dom149-erp-workday-sap-finance-ai-part3.ts: upserted 50 patterns and 100 graph edges
src/scripts/seed/seed-airline-dom150-cloud-finops-aws-ai-part1.ts: upserted 50 patterns and 100 graph edges
src/scripts/seed/seed-airline-dom150-cloud-finops-aws-ai-part2.ts: upserted 50 patterns and 100 graph edges
src/scripts/seed/seed-airline-dom150-cloud-finops-aws-ai-part3.ts: upserted 50 patterns and 100 graph edges
src/scripts/seed/seed-airline-dom151-observability-sre-reliability-ai-part1.ts: upserted 50 patterns and 100 graph edges
src/scripts/seed/seed-airline-dom151-observability-sre-reliability-ai-part2.ts: upserted 50 patterns and 100 graph edges
src/scripts/seed/seed-airline-dom151-observability-sre-reliability-ai-part3.ts: upserted 50 patterns and 100 graph edges
src/scripts/seed/seed-airline-dom152-api-integration-eventing-ai-part1.ts: upserted 50 patterns and 100 graph edges
src/scripts/seed/seed-airline-dom152-api-integration-eventing-ai-part2.ts: upserted 50 patterns and 100 graph edges
src/scripts/seed/seed-airline-dom152-api-integration-eventing-ai-part3.ts: upserted 50 patterns and 100 graph edges
src/scripts/seed/seed-airline-dom153-testing-release-change-ai-part1.ts: upserted 50 patterns and 100 graph edges
src/scripts/seed/seed-airline-dom153-testing-release-change-ai-part2.ts: upserted 50 patterns and 100 graph edges
src/scripts/seed/seed-airline-dom153-testing-release-change-ai-part3.ts: upserted 50 patterns and 100 graph edges
src/scripts/seed/seed-airline-dom154-vendor-risk-third-party-ai-part1.ts: upserted 50 patterns and 100 graph edges
src/scripts/seed/seed-airline-dom154-vendor-risk-third-party-ai-part2.ts: upserted 50 patterns and 100 graph edges
src/scripts/seed/seed-airline-dom154-vendor-risk-third-party-ai-part3.ts: upserted 50 patterns and 100 graph edges
src/scripts/seed/seed-airline-dom155-ai-governance-model-risk-ai-part1.ts: upserted 50 patterns and 100 graph edges
src/scripts/seed/seed-airline-dom155-ai-governance-model-risk-ai-part2.ts: upserted 50 patterns and 100 graph edges
src/scripts/seed/seed-airline-dom155-ai-governance-model-risk-ai-part3.ts: upserted 50 patterns and 100 graph edges
src/scripts/seed/seed-airline-dom156-agentic-workflow-automation-ai-part1.ts: upserted 50 patterns and 100 graph edges
src/scripts/seed/seed-airline-dom156-agentic-workflow-automation-ai-part2.ts: upserted 50 patterns and 100 graph edges
src/scripts/seed/seed-airline-dom156-agentic-workflow-automation-ai-part3.ts: upserted 50 patterns and 100 graph edges
src/scripts/seed/seed-airline-dom157-ai-procurement-contracting-ai-part1.ts: upserted 50 patterns and 100 graph edges
src/scripts/seed/seed-airline-dom157-ai-procurement-contracting-ai-part2.ts: upserted 50 patterns and 100 graph edges
src/scripts/seed/seed-airline-dom157-ai-procurement-contracting-ai-part3.ts: upserted 50 patterns and 100 graph edges
src/scripts/seed/seed-airline-dom158-genai-knowledge-assistant-ai-part1.ts: upserted 50 patterns and 100 graph edges
src/scripts/seed/seed-airline-dom158-genai-knowledge-assistant-ai-part2.ts: upserted 50 patterns and 100 graph edges
src/scripts/seed/seed-airline-dom158-genai-knowledge-assistant-ai-part3.ts: upserted 50 patterns and 100 graph edges
src/scripts/seed/seed-airline-dom159-airport-biometrics-border-ai-part1.ts: upserted 50 patterns and 100 graph edges
src/scripts/seed/seed-airline-dom159-airport-biometrics-border-ai-part2.ts: upserted 50 patterns and 100 graph edges
src/scripts/seed/seed-airline-dom159-airport-biometrics-border-ai-part3.ts: upserted 50 patterns and 100 graph edges
src/scripts/seed/seed-airline-dom160-maintenance-supply-chain-ai-part1.ts: upserted 50 patterns and 100 graph edges
src/scripts/seed/seed-airline-dom160-maintenance-supply-chain-ai-part2.ts: upserted 50 patterns and 100 graph edges
src/scripts/seed/seed-airline-dom160-maintenance-supply-chain-ai-part3.ts: upserted 50 patterns and 100 graph edges
src/scripts/seed/seed-airline-dom161-technical-operations-workforce-ai-part1.ts: upserted 50 patterns and 100 graph edges
src/scripts/seed/seed-airline-dom161-technical-operations-workforce-ai-part2.ts: upserted 50 patterns and 100 graph edges
src/scripts/seed/seed-airline-dom161-technical-operations-workforce-ai-part3.ts: upserted 50 patterns and 100 graph edges
src/scripts/seed/seed-airline-dom162-sustainability-reporting-esg-ai-part1.ts: upserted 50 patterns and 100 graph edges
src/scripts/seed/seed-airline-dom162-sustainability-reporting-esg-ai-part2.ts: upserted 50 patterns and 100 graph edges
src/scripts/seed/seed-airline-dom162-sustainability-reporting-esg-ai-part3.ts: upserted 50 patterns and 100 graph edges
src/scripts/seed/seed-airline-dom163-network-partnerships-jv-ai-part1.ts: upserted 50 patterns and 100 graph edges
src/scripts/seed/seed-airline-dom163-network-partnerships-jv-ai-part2.ts: upserted 50 patterns and 100 graph edges
src/scripts/seed/seed-airline-dom163-network-partnerships-jv-ai-part3.ts: upserted 50 patterns and 100 graph edges
src/scripts/seed/seed-airline-dom164-airport-real-estate-capex-ai-part1.ts: upserted 50 patterns and 100 graph edges
src/scripts/seed/seed-airline-dom164-airport-real-estate-capex-ai-part2.ts: upserted 50 patterns and 100 graph edges
src/scripts/seed/seed-airline-dom164-airport-real-estate-capex-ai-part3.ts: upserted 50 patterns and 100 graph edges
src/scripts/seed/seed-airline-dom165-customer-sentiment-brand-ai-part1.ts: upserted 50 patterns and 100 graph edges
src/scripts/seed/seed-airline-dom165-customer-sentiment-brand-ai-part2.ts: upserted 50 patterns and 100 graph edges
src/scripts/seed/seed-airline-dom165-customer-sentiment-brand-ai-part3.ts: upserted 50 patterns and 100 graph edges
src/scripts/seed/seed-airline-dom166-health-safety-public-health-ai-part1.ts: upserted 50 patterns and 100 graph edges
src/scripts/seed/seed-airline-dom166-health-safety-public-health-ai-part2.ts: upserted 50 patterns and 100 graph edges
src/scripts/seed/seed-airline-dom166-health-safety-public-health-ai-part3.ts: upserted 50 patterns and 100 graph edges
src/scripts/seed/seed-airline-dom167-regional-operations-partner-ai-part1.ts: upserted 50 patterns and 100 graph edges
src/scripts/seed/seed-airline-dom167-regional-operations-partner-ai-part2.ts: upserted 50 patterns and 100 graph edges
src/scripts/seed/seed-airline-dom167-regional-operations-partner-ai-part3.ts: upserted 50 patterns and 100 graph edges
src/scripts/seed/seed-airline-dom168-irregular-ops-cost-accounting-ai-part1.ts: upserted 50 patterns and 100 graph edges
src/scripts/seed/seed-airline-dom168-irregular-ops-cost-accounting-ai-part2.ts: upserted 50 patterns and 100 graph edges
src/scripts/seed/seed-airline-dom168-irregular-ops-cost-accounting-ai-part3.ts: upserted 50 patterns and 100 graph edges
src/scripts/seed/seed-airline-dom169-subscription-travel-products-ai-part1.ts: upserted 50 patterns and 100 graph edges
src/scripts/seed/seed-airline-dom169-subscription-travel-products-ai-part2.ts: upserted 50 patterns and 100 graph edges
src/scripts/seed/seed-airline-dom169-subscription-travel-products-ai-part3.ts: upserted 50 patterns and 100 graph edges
src/scripts/seed/seed-airline-dom170-airline-startup-ecosystem-ai-part1.ts: upserted 50 patterns and 100 graph edges
src/scripts/seed/seed-airline-dom170-airline-startup-ecosystem-ai-part2.ts: upserted 50 patterns and 100 graph edges
src/scripts/seed/seed-airline-dom170-airline-startup-ecosystem-ai-part3.ts: upserted 50 patterns and 100 graph edges
src/scripts/seed/seed-airline-dom171-operations-control-center-ai-part1.ts: upserted 50 patterns and 100 graph edges
src/scripts/seed/seed-airline-dom171-operations-control-center-ai-part2.ts: upserted 50 patterns and 100 graph edges
src/scripts/seed/seed-airline-dom171-operations-control-center-ai-part3.ts: upserted 50 patterns and 100 graph edges
src/scripts/seed/seed-airline-dom172-board-transformation-portfolio-ai-part1.ts: upserted 50 patterns and 100 graph edges
src/scripts/seed/seed-airline-dom172-board-transformation-portfolio-ai-part2.ts: upserted 50 patterns and 100 graph edges
src/scripts/seed/seed-airline-dom172-board-transformation-portfolio-ai-part3.ts: upserted 50 patterns and 100 graph edges
src/scripts/seed/seed-airline-dom173-deicing-winter-ops-ai-part1.ts: upserted 50 patterns and 100 graph edges
src/scripts/seed/seed-airline-dom173-deicing-winter-ops-ai-part2.ts: upserted 50 patterns and 100 graph edges
src/scripts/seed/seed-airline-dom173-deicing-winter-ops-ai-part3.ts: upserted 50 patterns and 100 graph edges
src/scripts/seed/seed-airline-dom174-security-operations-airport-ai-part1.ts: upserted 50 patterns and 100 graph edges
src/scripts/seed/seed-airline-dom174-security-operations-airport-ai-part2.ts: upserted 50 patterns and 100 graph edges
src/scripts/seed/seed-airline-dom174-security-operations-airport-ai-part3.ts: upserted 50 patterns and 100 graph edges
src/scripts/seed/seed-airline-dom175-travel-document-visa-ai-part1.ts: upserted 50 patterns and 100 graph edges
src/scripts/seed/seed-airline-dom175-travel-document-visa-ai-part2.ts: upserted 50 patterns and 100 graph edges
src/scripts/seed/seed-airline-dom175-travel-document-visa-ai-part3.ts: upserted 50 patterns and 100 graph edges
src/scripts/seed/seed-airline-dom176-executive-decision-intelligence-ai-part1.ts: upserted 50 patterns and 100 graph edges
src/scripts/seed/seed-airline-dom176-executive-decision-intelligence-ai-part2.ts: upserted 50 patterns and 100 graph edges
src/scripts/seed/seed-airline-dom176-executive-decision-intelligence-ai-part3.ts: upserted 50 patterns and 100 graph edges
{
  "files": 228,
  "summaries": [
    {
      "file": "src/scripts/seed/seed-airline-dom101-revenue-management-pricing-ai-part1.ts",
      "vertical": "airline",
      "sourceKey": "skyharbor-air",
      "parsed": 50,
      "patternsUpserted": 50,
      "edgesUpserted": 100
    },
    {
      "file": "src/scripts/seed/seed-airline-dom101-revenue-management-pricing-ai-part2.ts",
      "vertical": "airline",
      "sourceKey": "skyharbor-air",
      "parsed": 50,
      "patternsUpserted": 50,
      "edgesUpserted": 100
    },
    {
      "file": "src/scripts/seed/seed-airline-dom101-revenue-management-pricing-ai-part3.ts",
      "vertical": "airline",
      "sourceKey": "skyharbor-air",
      "parsed": 50,
      "patternsUpserted": 50,
      "edgesUpserted": 100
    },
    {
      "file": "src/scripts/seed/seed-airline-dom102-pss-reservations-modernization-ai-part1.ts",
      "vertical": "airline",
      "sourceKey": "skyharbor-air",
      "parsed": 50,
      "patternsUpserted": 50,
      "edgesUpserted": 100
    },
    {
      "file": "src/scripts/seed/seed-airline-dom102-pss-reservations-modernization-ai-part2.ts",
      "vertical": "airline",
      "sourceKey": "skyharbor-air",
      "parsed": 50,
      "patternsUpserted": 50,
      "edgesUpserted": 100
    },
    {
      "file": "src/scripts/seed/seed-airline-dom102-pss-reservations-modernization-ai-part3.ts",
      "vertical": "airline",
      "sourceKey": "skyharbor-air",
      "parsed": 50,
      "patternsUpserted": 50,
      "edgesUpserted": 100
    },
    {
      "file": "src/scripts/seed/seed-airline-dom103-ndc-offer-order-retailing-ai-part1.ts",
      "vertical": "airline",
      "sourceKey": "skyharbor-air",
      "parsed": 50,
      "patternsUpserted": 50,
      "edgesUpserted": 100
    },
    {
      "file": "src/scripts/seed/seed-airline-dom103-ndc-offer-order-retailing-ai-part2.ts",
      "vertical": "airline",
      "sourceKey": "skyharbor-air",
      "parsed": 50,
      "patternsUpserted": 50,
      "edgesUpserted": 100
    },
    {
      "file": "src/scripts/seed/seed-airline-dom103-ndc-offer-order-retailing-ai-part3.ts",
      "vertical": "airline",
      "sourceKey": "skyharbor-air",
      "parsed": 50,
      "patternsUpserted": 50,
      "edgesUpserted": 100
    },
    {
      "file": "src/scripts/seed/seed-airline-dom104-crew-planning-rostering-ai-part1.ts",
      "vertical": "airline",
      "sourceKey": "skyharbor-air",
      "parsed": 50,
      "patternsUpserted": 50,
      "edgesUpserted": 100
    },
    {
      "file": "src/scripts/seed/seed-airline-dom104-crew-planning-rostering-ai-part2.ts",
      "vertical": "airline",
      "sourceKey": "skyharbor-air",
      "parsed": 50,
      "patternsUpserted": 50,
      "edgesUpserted": 100
    },
    {
      "file": "src/scripts/seed/seed-airline-dom104-crew-planning-rostering-ai-part3.ts",
      "vertical": "airline",
      "sourceKey": "skyharbor-air",
      "parsed": 50,
      "patternsUpserted": 50,
      "edgesUpserted": 100
    },
    {
      "file": "src/scripts/seed/seed-airline-dom105-irrops-recovery-decisioning-ai-part1.ts",
      "vertical": "airline",
      "sourceKey": "skyharbor-air",
      "parsed": 50,
      "patternsUpserted": 50,
      "edgesUpserted": 100
    },
    {
      "file": "src/scripts/seed/seed-airline-dom105-irrops-recovery-decisioning-ai-part2.ts",
      "vertical": "airline",
      "sourceKey": "skyharbor-air",
      "parsed": 50,
      "patternsUpserted": 50,
      "edgesUpserted": 100
    },
    {
      "file": "src/scripts/seed/seed-airline-dom105-irrops-recovery-decisioning-ai-part3.ts",
      "vertical": "airline",
      "sourceKey": "skyharbor-air",
      "parsed": 50,
      "patternsUpserted": 50,
      "edgesUpserted": 100
    },
    {
      "file": "src/scripts/seed/seed-airline-dom106-airport-turnaround-ops-ai-part1.ts",
      "vertical": "airline",
      "sourceKey": "skyharbor-air",
      "parsed": 50,
      "patternsUpserted": 50,
      "edgesUpserted": 100
    },
    {
      "file": "src/scripts/seed/seed-airline-dom106-airport-turnaround-ops-ai-part2.ts",
      "vertical": "airline",
      "sourceKey": "skyharbor-air",
      "parsed": 50,
      "patternsUpserted": 50,
      "edgesUpserted": 100
    },
    {
      "file": "src/scripts/seed/seed-airline-dom106-airport-turnaround-ops-ai-part3.ts",
      "vertical": "airline",
      "sourceKey": "skyharbor-air",
      "parsed": 50,
      "patternsUpserted": 50,
      "edgesUpserted": 100
    },
    {
      "file": "src/scripts/seed/seed-airline-dom107-baggage-tracking-recovery-ai-part1.ts",
      "vertical": "airline",
      "sourceKey": "skyharbor-air",
      "parsed": 50,
      "patternsUpserted": 50,
      "edgesUpserted": 100
    },
    {
      "file": "src/scripts/seed/seed-airline-dom107-baggage-tracking-recovery-ai-part2.ts",
      "vertical": "airline",
      "sourceKey": "skyharbor-air",
      "parsed": 50,
      "patternsUpserted": 50,
      "edgesUpserted": 100
    },
    {
      "file": "src/scripts/seed/seed-airline-dom107-baggage-tracking-recovery-ai-part3.ts",
      "vertical": "airline",
      "sourceKey": "skyharbor-air",
      "parsed": 50,
      "patternsUpserted": 50,
      "edgesUpserted": 100
    },
    {
      "file": "src/scripts/seed/seed-airline-dom108-mro-predictive-maintenance-ai-part1.ts",
      "vertical": "airline",
      "sourceKey": "skyharbor-air",
      "parsed": 50,
      "patternsUpserted": 50,
      "edgesUpserted": 100
    },
    {
      "file": "src/scripts/seed/seed-airline-dom108-mro-predictive-maintenance-ai-part2.ts",
      "vertical": "airline",
      "sourceKey": "skyharbor-air",
      "parsed": 50,
      "patternsUpserted": 50,
      "edgesUpserted": 100
    },
    {
      "file": "src/scripts/seed/seed-airline-dom108-mro-predictive-maintenance-ai-part3.ts",
      "vertical": "airline",
      "sourceKey": "skyharbor-air",
      "parsed": 50,
      "patternsUpserted": 50,
      "edgesUpserted": 100
    },
    {
      "file": "src/scripts/seed/seed-airline-dom109-aircraft-health-iot-ai-part1.ts",
      "vertical": "airline",
      "sourceKey": "skyharbor-air",
      "parsed": 50,
      "patternsUpserted": 50,
      "edgesUpserted": 100
    },
    {
      "file": "src/scripts/seed/seed-airline-dom109-aircraft-health-iot-ai-part2.ts",
      "vertical": "airline",
      "sourceKey": "skyharbor-air",
      "parsed": 50,
      "patternsUpserted": 50,
      "edgesUpserted": 100
    },
    {
      "file": "src/scripts/seed/seed-airline-dom109-aircraft-health-iot-ai-part3.ts",
      "vertical": "airline",
      "sourceKey": "skyharbor-air",
      "parsed": 50,
      "patternsUpserted": 50,
      "edgesUpserted": 100
    },
    {
      "file": "src/scripts/seed/seed-airline-dom110-safety-management-sms-ai-part1.ts",
      "vertical": "airline",
      "sourceKey": "skyharbor-air",
      "parsed": 50,
      "patternsUpserted": 50,
      "edgesUpserted": 100
    },
    {
      "file": "src/scripts/seed/seed-airline-dom110-safety-management-sms-ai-part2.ts",
      "vertical": "airline",
      "sourceKey": "skyharbor-air",
      "parsed": 50,
      "patternsUpserted": 50,
      "edgesUpserted": 100
    },
    {
      "file": "src/scripts/seed/seed-airline-dom110-safety-management-sms-ai-part3.ts",
      "vertical": "airline",
      "sourceKey": "skyharbor-air",
      "parsed": 50,
      "patternsUpserted": 50,
      "edgesUpserted": 100
    },
    {
      "file": "src/scripts/seed/seed-airline-dom111-flight-operations-dispatch-ai-part1.ts",
      "vertical": "airline",
      "sourceKey": "skyharbor-air",
      "parsed": 50,
      "patternsUpserted": 50,
      "edgesUpserted": 100
    },
    {
      "file": "src/scripts/seed/seed-airline-dom111-flight-operations-dispatch-ai-part2.ts",
      "vertical": "airline",
      "sourceKey": "skyharbor-air",
      "parsed": 50,
      "patternsUpserted": 50,
      "edgesUpserted": 100
    },
    {
      "file": "src/scripts/seed/seed-airline-dom111-flight-operations-dispatch-ai-part3.ts",
      "vertical": "airline",
      "sourceKey": "skyharbor-air",
      "parsed": 50,
      "patternsUpserted": 50,
      "edgesUpserted": 100
    },
    {
      "file": "src/scripts/seed/seed-airline-dom112-fuel-optimization-sustainability-ai-part1.ts",
      "vertical": "airline",
      "sourceKey": "skyharbor-air",
      "parsed": 50,
      "patternsUpserted": 50,
      "edgesUpserted": 100
    },
    {
      "file": "src/scripts/seed/seed-airline-dom112-fuel-optimization-sustainability-ai-part2.ts",
      "vertical": "airline",
      "sourceKey": "skyharbor-air",
      "parsed": 50,
      "patternsUpserted": 50,
      "edgesUpserted": 100
    },
    {
      "file": "src/scripts/seed/seed-airline-dom112-fuel-optimization-sustainability-ai-part3.ts",
      "vertical": "airline",
      "sourceKey": "skyharbor-air",
      "parsed": 50,
      "patternsUpserted": 50,
      "edgesUpserted": 100
    },
    {
      "file": "src/scripts/seed/seed-airline-dom113-loyalty-personalization-ai-part1.ts",
      "vertical": "airline",
      "sourceKey": "skyharbor-air",
      "parsed": 50,
      "patternsUpserted": 50,
      "edgesUpserted": 100
    },
    {
      "file": "src/scripts/seed/seed-airline-dom113-loyalty-personalization-ai-part2.ts",
      "vertical": "airline",
      "sourceKey": "skyharbor-air",
      "parsed": 50,
      "patternsUpserted": 50,
      "edgesUpserted": 100
    },
    {
      "file": "src/scripts/seed/seed-airline-dom113-loyalty-personalization-ai-part3.ts",
      "vertical": "airline",
      "sourceKey": "skyharbor-air",
      "parsed": 50,
      "patternsUpserted": 50,
      "edgesUpserted": 100
    },
    {
      "file": "src/scripts/seed/seed-airline-dom114-digital-channels-mobile-ai-part1.ts",
      "vertical": "airline",
      "sourceKey": "skyharbor-air",
      "parsed": 50,
      "patternsUpserted": 50,
      "edgesUpserted": 100
    },
    {
      "file": "src/scripts/seed/seed-airline-dom114-digital-channels-mobile-ai-part2.ts",
      "vertical": "airline",
      "sourceKey": "skyharbor-air",
      "parsed": 50,
      "patternsUpserted": 50,
      "edgesUpserted": 100
    },
    {
      "file": "src/scripts/seed/seed-airline-dom114-digital-channels-mobile-ai-part3.ts",
      "vertical": "airline",
      "sourceKey": "skyharbor-air",
      "parsed": 50,
      "patternsUpserted": 50,
      "edgesUpserted": 100
    },
    {
      "file": "src/scripts/seed/seed-airline-dom115-contact-center-agentic-service-ai-part1.ts",
      "vertical": "airline",
      "sourceKey": "skyharbor-air",
      "parsed": 50,
      "patternsUpserted": 50,
      "edgesUpserted": 100
    },
    {
      "file": "src/scripts/seed/seed-airline-dom115-contact-center-agentic-service-ai-part2.ts",
      "vertical": "airline",
      "sourceKey": "skyharbor-air",
      "parsed": 50,
      "patternsUpserted": 50,
      "edgesUpserted": 100
    },
    {
      "file": "src/scripts/seed/seed-airline-dom115-contact-center-agentic-service-ai-part3.ts",
      "vertical": "airline",
      "sourceKey": "skyharbor-air",
      "parsed": 50,
      "patternsUpserted": 50,
      "edgesUpserted": 100
    },
    {
      "file": "src/scripts/seed/seed-airline-dom116-ancillary-merchandising-ai-part1.ts",
      "vertical": "airline",
      "sourceKey": "skyharbor-air",
      "parsed": 50,
      "patternsUpserted": 50,
      "edgesUpserted": 100
    },
    {
      "file": "src/scripts/seed/seed-airline-dom116-ancillary-merchandising-ai-part2.ts",
      "vertical": "airline",
      "sourceKey": "skyharbor-air",
      "parsed": 50,
      "patternsUpserted": 50,
      "edgesUpserted": 100
    },
    {
      "file": "src/scripts/seed/seed-airline-dom116-ancillary-merchandising-ai-part3.ts",
      "vertical": "airline",
      "sourceKey": "skyharbor-air",
      "parsed": 50,
      "patternsUpserted": 50,
      "edgesUpserted": 100
    },
    {
      "file": "src/scripts/seed/seed-airline-dom117-payments-fraud-revenue-integrity-ai-part1.ts",
      "vertical": "airline",
      "sourceKey": "skyharbor-air",
      "parsed": 50,
      "patternsUpserted": 50,
      "edgesUpserted": 100
    },
    {
      "file": "src/scripts/seed/seed-airline-dom117-payments-fraud-revenue-integrity-ai-part2.ts",
      "vertical": "airline",
      "sourceKey": "skyharbor-air",
      "parsed": 50,
      "patternsUpserted": 50,
      "edgesUpserted": 100
    },
    {
      "file": "src/scripts/seed/seed-airline-dom117-payments-fraud-revenue-integrity-ai-part3.ts",
      "vertical": "airline",
      "sourceKey": "skyharbor-air",
      "parsed": 50,
      "patternsUpserted": 50,
      "edgesUpserted": 100
    },
    {
      "file": "src/scripts/seed/seed-airline-dom118-cargo-charter-logistics-ai-part1.ts",
      "vertical": "airline",
      "sourceKey": "skyharbor-air",
      "parsed": 50,
      "patternsUpserted": 50,
      "edgesUpserted": 100
    },
    {
      "file": "src/scripts/seed/seed-airline-dom118-cargo-charter-logistics-ai-part2.ts",
      "vertical": "airline",
      "sourceKey": "skyharbor-air",
      "parsed": 50,
      "patternsUpserted": 50,
      "edgesUpserted": 100
    },
    {
      "file": "src/scripts/seed/seed-airline-dom118-cargo-charter-logistics-ai-part3.ts",
      "vertical": "airline",
      "sourceKey": "skyharbor-air",
      "parsed": 50,
      "patternsUpserted": 50,
      "edgesUpserted": 100
    },
    {
      "file": "src/scripts/seed/seed-airline-dom119-corporate-sales-travel-program-ai-part1.ts",
      "vertical": "airline",
      "sourceKey": "skyharbor-air",
      "parsed": 50,
      "patternsUpserted": 50,
      "edgesUpserted": 100
    },
    {
      "file": "src/scripts/seed/seed-airline-dom119-corporate-sales-travel-program-ai-part2.ts",
      "vertical": "airline",
      "sourceKey": "skyharbor-air",
      "parsed": 50,
      "patternsUpserted": 50,
      "edgesUpserted": 100
    },
    {
      "file": "src/scripts/seed/seed-airline-dom119-corporate-sales-travel-program-ai-part3.ts",
      "vertical": "airline",
      "sourceKey": "skyharbor-air",
      "parsed": 50,
      "patternsUpserted": 50,
      "edgesUpserted": 100
    },
    {
      "file": "src/scripts/seed/seed-airline-dom120-alliance-codeshare-interline-ai-part1.ts",
      "vertical": "airline",
      "sourceKey": "skyharbor-air",
      "parsed": 50,
      "patternsUpserted": 50,
      "edgesUpserted": 100
    },
    {
      "file": "src/scripts/seed/seed-airline-dom120-alliance-codeshare-interline-ai-part2.ts",
      "vertical": "airline",
      "sourceKey": "skyharbor-air",
      "parsed": 50,
      "patternsUpserted": 50,
      "edgesUpserted": 100
    },
    {
      "file": "src/scripts/seed/seed-airline-dom120-alliance-codeshare-interline-ai-part3.ts",
      "vertical": "airline",
      "sourceKey": "skyharbor-air",
      "parsed": 50,
      "patternsUpserted": 50,
      "edgesUpserted": 100
    },
    {
      "file": "src/scripts/seed/seed-airline-dom121-revenue-accounting-settlement-ai-part1.ts",
      "vertical": "airline",
      "sourceKey": "skyharbor-air",
      "parsed": 50,
      "patternsUpserted": 50,
      "edgesUpserted": 100
    },
    {
      "file": "src/scripts/seed/seed-airline-dom121-revenue-accounting-settlement-ai-part2.ts",
      "vertical": "airline",
      "sourceKey": "skyharbor-air",
      "parsed": 50,
      "patternsUpserted": 50,
      "edgesUpserted": 100
    },
    {
      "file": "src/scripts/seed/seed-airline-dom121-revenue-accounting-settlement-ai-part3.ts",
      "vertical": "airline",
      "sourceKey": "skyharbor-air",
      "parsed": 50,
      "patternsUpserted": 50,
      "edgesUpserted": 100
    },
    {
      "file": "src/scripts/seed/seed-airline-dom122-schedule-network-planning-ai-part1.ts",
      "vertical": "airline",
      "sourceKey": "skyharbor-air",
      "parsed": 50,
      "patternsUpserted": 50,
      "edgesUpserted": 100
    },
    {
      "file": "src/scripts/seed/seed-airline-dom122-schedule-network-planning-ai-part2.ts",
      "vertical": "airline",
      "sourceKey": "skyharbor-air",
      "parsed": 50,
      "patternsUpserted": 50,
      "edgesUpserted": 100
    },
    {
      "file": "src/scripts/seed/seed-airline-dom122-schedule-network-planning-ai-part3.ts",
      "vertical": "airline",
      "sourceKey": "skyharbor-air",
      "parsed": 50,
      "patternsUpserted": 50,
      "edgesUpserted": 100
    },
    {
      "file": "src/scripts/seed/seed-airline-dom123-fleet-planning-aircraft-economics-ai-part1.ts",
      "vertical": "airline",
      "sourceKey": "skyharbor-air",
      "parsed": 50,
      "patternsUpserted": 50,
      "edgesUpserted": 100
    },
    {
      "file": "src/scripts/seed/seed-airline-dom123-fleet-planning-aircraft-economics-ai-part2.ts",
      "vertical": "airline",
      "sourceKey": "skyharbor-air",
      "parsed": 50,
      "patternsUpserted": 50,
      "edgesUpserted": 100
    },
    {
      "file": "src/scripts/seed/seed-airline-dom123-fleet-planning-aircraft-economics-ai-part3.ts",
      "vertical": "airline",
      "sourceKey": "skyharbor-air",
      "parsed": 50,
      "patternsUpserted": 50,
      "edgesUpserted": 100
    },
    {
      "file": "src/scripts/seed/seed-airline-dom124-procurement-vendor-sourcing-ai-part1.ts",
      "vertical": "airline",
      "sourceKey": "skyharbor-air",
      "parsed": 50,
      "patternsUpserted": 50,
      "edgesUpserted": 100
    },
    {
      "file": "src/scripts/seed/seed-airline-dom124-procurement-vendor-sourcing-ai-part2.ts",
      "vertical": "airline",
      "sourceKey": "skyharbor-air",
      "parsed": 50,
      "patternsUpserted": 50,
      "edgesUpserted": 100
    },
    {
      "file": "src/scripts/seed/seed-airline-dom124-procurement-vendor-sourcing-ai-part3.ts",
      "vertical": "airline",
      "sourceKey": "skyharbor-air",
      "parsed": 50,
      "patternsUpserted": 50,
      "edgesUpserted": 100
    },
    {
      "file": "src/scripts/seed/seed-airline-dom125-ibm-mainframe-modernization-ai-part1.ts",
      "vertical": "airline",
      "sourceKey": "skyharbor-air",
      "parsed": 50,
      "patternsUpserted": 50,
      "edgesUpserted": 100
    },
    {
      "file": "src/scripts/seed/seed-airline-dom125-ibm-mainframe-modernization-ai-part2.ts",
      "vertical": "airline",
      "sourceKey": "skyharbor-air",
      "parsed": 50,
      "patternsUpserted": 50,
      "edgesUpserted": 100
    },
    {
      "file": "src/scripts/seed/seed-airline-dom125-ibm-mainframe-modernization-ai-part3.ts",
      "vertical": "airline",
      "sourceKey": "skyharbor-air",
      "parsed": 50,
      "patternsUpserted": 50,
      "edgesUpserted": 100
    },
    {
      "file": "src/scripts/seed/seed-airline-dom126-engineering-productivity-sdlc-ai-part1.ts",
      "vertical": "airline",
      "sourceKey": "skyharbor-air",
      "parsed": 50,
      "patternsUpserted": 50,
      "edgesUpserted": 100
    },
    {
      "file": "src/scripts/seed/seed-airline-dom126-engineering-productivity-sdlc-ai-part2.ts",
      "vertical": "airline",
      "sourceKey": "skyharbor-air",
      "parsed": 50,
      "patternsUpserted": 50,
      "edgesUpserted": 100
    },
    {
      "file": "src/scripts/seed/seed-airline-dom126-engineering-productivity-sdlc-ai-part3.ts",
      "vertical": "airline",
      "sourceKey": "skyharbor-air",
      "parsed": 50,
      "patternsUpserted": 50,
      "edgesUpserted": 100
    },
    {
      "file": "src/scripts/seed/seed-airline-dom127-data-platform-governance-ai-part1.ts",
      "vertical": "airline",
      "sourceKey": "skyharbor-air",
      "parsed": 50,
      "patternsUpserted": 50,
      "edgesUpserted": 100
    },
    {
      "file": "src/scripts/seed/seed-airline-dom127-data-platform-governance-ai-part2.ts",
      "vertical": "airline",
      "sourceKey": "skyharbor-air",
      "parsed": 50,
      "patternsUpserted": 50,
      "edgesUpserted": 100
    },
    {
      "file": "src/scripts/seed/seed-airline-dom127-data-platform-governance-ai-part3.ts",
      "vertical": "airline",
      "sourceKey": "skyharbor-air",
      "parsed": 50,
      "patternsUpserted": 50,
      "edgesUpserted": 100
    },
    {
      "file": "src/scripts/seed/seed-airline-dom128-cybersecurity-zero-trust-ai-part1.ts",
      "vertical": "airline",
      "sourceKey": "skyharbor-air",
      "parsed": 50,
      "patternsUpserted": 50,
      "edgesUpserted": 100
    },
    {
      "file": "src/scripts/seed/seed-airline-dom128-cybersecurity-zero-trust-ai-part2.ts",
      "vertical": "airline",
      "sourceKey": "skyharbor-air",
      "parsed": 50,
      "patternsUpserted": 50,
      "edgesUpserted": 100
    },
    {
      "file": "src/scripts/seed/seed-airline-dom128-cybersecurity-zero-trust-ai-part3.ts",
      "vertical": "airline",
      "sourceKey": "skyharbor-air",
      "parsed": 50,
      "patternsUpserted": 50,
      "edgesUpserted": 100
    },
    {
      "file": "src/scripts/seed/seed-airline-dom129-identity-biometrics-seamless-travel-ai-part1.ts",
      "vertical": "airline",
      "sourceKey": "skyharbor-air",
      "parsed": 50,
      "patternsUpserted": 50,
      "edgesUpserted": 100
    },
    {
      "file": "src/scripts/seed/seed-airline-dom129-identity-biometrics-seamless-travel-ai-part2.ts",
      "vertical": "airline",
      "sourceKey": "skyharbor-air",
      "parsed": 50,
      "patternsUpserted": 50,
      "edgesUpserted": 100
    },
    {
      "file": "src/scripts/seed/seed-airline-dom129-identity-biometrics-seamless-travel-ai-part3.ts",
      "vertical": "airline",
      "sourceKey": "skyharbor-air",
      "parsed": 50,
      "patternsUpserted": 50,
      "edgesUpserted": 100
    },
    {
      "file": "src/scripts/seed/seed-airline-dom130-privacy-consent-customer-data-ai-part1.ts",
      "vertical": "airline",
      "sourceKey": "skyharbor-air",
      "parsed": 50,
      "patternsUpserted": 50,
      "edgesUpserted": 100
    },
    {
      "file": "src/scripts/seed/seed-airline-dom130-privacy-consent-customer-data-ai-part2.ts",
      "vertical": "airline",
      "sourceKey": "skyharbor-air",
      "parsed": 50,
      "patternsUpserted": 50,
      "edgesUpserted": 100
    },
    {
      "file": "src/scripts/seed/seed-airline-dom130-privacy-consent-customer-data-ai-part3.ts",
      "vertical": "airline",
      "sourceKey": "skyharbor-air",
      "parsed": 50,
      "patternsUpserted": 50,
      "edgesUpserted": 100
    },
    {
      "file": "src/scripts/seed/seed-airline-dom131-workforce-labor-productivity-ai-part1.ts",
      "vertical": "airline",
      "sourceKey": "skyharbor-air",
      "parsed": 50,
      "patternsUpserted": 50,
      "edgesUpserted": 100
    },
    {
      "file": "src/scripts/seed/seed-airline-dom131-workforce-labor-productivity-ai-part2.ts",
      "vertical": "airline",
      "sourceKey": "skyharbor-air",
      "parsed": 50,
      "patternsUpserted": 50,
      "edgesUpserted": 100
    },
    {
      "file": "src/scripts/seed/seed-airline-dom131-workforce-labor-productivity-ai-part3.ts",
      "vertical": "airline",
      "sourceKey": "skyharbor-air",
      "parsed": 50,
      "patternsUpserted": 50,
      "edgesUpserted": 100
    },
    {
      "file": "src/scripts/seed/seed-airline-dom132-training-simulation-knowledge-ai-part1.ts",
      "vertical": "airline",
      "sourceKey": "skyharbor-air",
      "parsed": 50,
      "patternsUpserted": 50,
      "edgesUpserted": 100
    },
    {
      "file": "src/scripts/seed/seed-airline-dom132-training-simulation-knowledge-ai-part2.ts",
      "vertical": "airline",
      "sourceKey": "skyharbor-air",
      "parsed": 50,
      "patternsUpserted": 50,
      "edgesUpserted": 100
    },
    {
      "file": "src/scripts/seed/seed-airline-dom132-training-simulation-knowledge-ai-part3.ts",
      "vertical": "airline",
      "sourceKey": "skyharbor-air",
      "parsed": 50,
      "patternsUpserted": 50,
      "edgesUpserted": 100
    },
    {
      "file": "src/scripts/seed/seed-airline-dom133-finance-planning-cost-ai-part1.ts",
      "vertical": "airline",
      "sourceKey": "skyharbor-air",
      "parsed": 50,
      "patternsUpserted": 50,
      "edgesUpserted": 100
    },
    {
      "file": "src/scripts/seed/seed-airline-dom133-finance-planning-cost-ai-part2.ts",
      "vertical": "airline",
      "sourceKey": "skyharbor-air",
      "parsed": 50,
      "patternsUpserted": 50,
      "edgesUpserted": 100
    },
    {
      "file": "src/scripts/seed/seed-airline-dom133-finance-planning-cost-ai-part3.ts",
      "vertical": "airline",
      "sourceKey": "skyharbor-air",
      "parsed": 50,
      "patternsUpserted": 50,
      "edgesUpserted": 100
    },
    {
      "file": "src/scripts/seed/seed-airline-dom134-treasury-fx-fuel-hedging-ai-part1.ts",
      "vertical": "airline",
      "sourceKey": "skyharbor-air",
      "parsed": 50,
      "patternsUpserted": 50,
      "edgesUpserted": 100
    },
    {
      "file": "src/scripts/seed/seed-airline-dom134-treasury-fx-fuel-hedging-ai-part2.ts",
      "vertical": "airline",
      "sourceKey": "skyharbor-air",
      "parsed": 50,
      "patternsUpserted": 50,
      "edgesUpserted": 100
    },
    {
      "file": "src/scripts/seed/seed-airline-dom134-treasury-fx-fuel-hedging-ai-part3.ts",
      "vertical": "airline",
      "sourceKey": "skyharbor-air",
      "parsed": 50,
      "patternsUpserted": 50,
      "edgesUpserted": 100
    },
    {
      "file": "src/scripts/seed/seed-airline-dom135-legal-regulatory-consumer-ai-part1.ts",
      "vertical": "airline",
      "sourceKey": "skyharbor-air",
      "parsed": 50,
      "patternsUpserted": 50,
      "edgesUpserted": 100
    },
    {
      "file": "src/scripts/seed/seed-airline-dom135-legal-regulatory-consumer-ai-part2.ts",
      "vertical": "airline",
      "sourceKey": "skyharbor-air",
      "parsed": 50,
      "patternsUpserted": 50,
      "edgesUpserted": 100
    },
    {
      "file": "src/scripts/seed/seed-airline-dom135-legal-regulatory-consumer-ai-part3.ts",
      "vertical": "airline",
      "sourceKey": "skyharbor-air",
      "parsed": 50,
      "patternsUpserted": 50,
      "edgesUpserted": 100
    },
    {
      "file": "src/scripts/seed/seed-airline-dom136-accessibility-special-service-ai-part1.ts",
      "vertical": "airline",
      "sourceKey": "skyharbor-air",
      "parsed": 50,
      "patternsUpserted": 50,
      "edgesUpserted": 100
    },
    {
      "file": "src/scripts/seed/seed-airline-dom136-accessibility-special-service-ai-part2.ts",
      "vertical": "airline",
      "sourceKey": "skyharbor-air",
      "parsed": 50,
      "patternsUpserted": 50,
      "edgesUpserted": 100
    },
    {
      "file": "src/scripts/seed/seed-airline-dom136-accessibility-special-service-ai-part3.ts",
      "vertical": "airline",
      "sourceKey": "skyharbor-air",
      "parsed": 50,
      "patternsUpserted": 50,
      "edgesUpserted": 100
    },
    {
      "file": "src/scripts/seed/seed-airline-dom137-premium-experience-lounge-ai-part1.ts",
      "vertical": "airline",
      "sourceKey": "skyharbor-air",
      "parsed": 50,
      "patternsUpserted": 50,
      "edgesUpserted": 100
    },
    {
      "file": "src/scripts/seed/seed-airline-dom137-premium-experience-lounge-ai-part2.ts",
      "vertical": "airline",
      "sourceKey": "skyharbor-air",
      "parsed": 50,
      "patternsUpserted": 50,
      "edgesUpserted": 100
    },
    {
      "file": "src/scripts/seed/seed-airline-dom137-premium-experience-lounge-ai-part3.ts",
      "vertical": "airline",
      "sourceKey": "skyharbor-air",
      "parsed": 50,
      "patternsUpserted": 50,
      "edgesUpserted": 100
    },
    {
      "file": "src/scripts/seed/seed-airline-dom138-onboard-retail-connectivity-ai-part1.ts",
      "vertical": "airline",
      "sourceKey": "skyharbor-air",
      "parsed": 50,
      "patternsUpserted": 50,
      "edgesUpserted": 100
    },
    {
      "file": "src/scripts/seed/seed-airline-dom138-onboard-retail-connectivity-ai-part2.ts",
      "vertical": "airline",
      "sourceKey": "skyharbor-air",
      "parsed": 50,
      "patternsUpserted": 50,
      "edgesUpserted": 100
    },
    {
      "file": "src/scripts/seed/seed-airline-dom138-onboard-retail-connectivity-ai-part3.ts",
      "vertical": "airline",
      "sourceKey": "skyharbor-air",
      "parsed": 50,
      "patternsUpserted": 50,
      "edgesUpserted": 100
    },
    {
      "file": "src/scripts/seed/seed-airline-dom139-catering-provisioning-waste-ai-part1.ts",
      "vertical": "airline",
      "sourceKey": "skyharbor-air",
      "parsed": 50,
      "patternsUpserted": 50,
      "edgesUpserted": 100
    },
    {
      "file": "src/scripts/seed/seed-airline-dom139-catering-provisioning-waste-ai-part2.ts",
      "vertical": "airline",
      "sourceKey": "skyharbor-air",
      "parsed": 50,
      "patternsUpserted": 50,
      "edgesUpserted": 100
    },
    {
      "file": "src/scripts/seed/seed-airline-dom139-catering-provisioning-waste-ai-part3.ts",
      "vertical": "airline",
      "sourceKey": "skyharbor-air",
      "parsed": 50,
      "patternsUpserted": 50,
      "edgesUpserted": 100
    },
    {
      "file": "src/scripts/seed/seed-airline-dom140-crew-inflight-service-ai-part1.ts",
      "vertical": "airline",
      "sourceKey": "skyharbor-air",
      "parsed": 50,
      "patternsUpserted": 50,
      "edgesUpserted": 100
    },
    {
      "file": "src/scripts/seed/seed-airline-dom140-crew-inflight-service-ai-part2.ts",
      "vertical": "airline",
      "sourceKey": "skyharbor-air",
      "parsed": 50,
      "patternsUpserted": 50,
      "edgesUpserted": 100
    },
    {
      "file": "src/scripts/seed/seed-airline-dom140-crew-inflight-service-ai-part3.ts",
      "vertical": "airline",
      "sourceKey": "skyharbor-air",
      "parsed": 50,
      "patternsUpserted": 50,
      "edgesUpserted": 100
    },
    {
      "file": "src/scripts/seed/seed-airline-dom141-station-performance-control-ai-part1.ts",
      "vertical": "airline",
      "sourceKey": "skyharbor-air",
      "parsed": 50,
      "patternsUpserted": 50,
      "edgesUpserted": 100
    },
    {
      "file": "src/scripts/seed/seed-airline-dom141-station-performance-control-ai-part2.ts",
      "vertical": "airline",
      "sourceKey": "skyharbor-air",
      "parsed": 50,
      "patternsUpserted": 50,
      "edgesUpserted": 100
    },
    {
      "file": "src/scripts/seed/seed-airline-dom141-station-performance-control-ai-part3.ts",
      "vertical": "airline",
      "sourceKey": "skyharbor-air",
      "parsed": 50,
      "patternsUpserted": 50,
      "edgesUpserted": 100
    },
    {
      "file": "src/scripts/seed/seed-airline-dom142-weather-disruption-risk-ai-part1.ts",
      "vertical": "airline",
      "sourceKey": "skyharbor-air",
      "parsed": 50,
      "patternsUpserted": 50,
      "edgesUpserted": 100
    },
    {
      "file": "src/scripts/seed/seed-airline-dom142-weather-disruption-risk-ai-part2.ts",
      "vertical": "airline",
      "sourceKey": "skyharbor-air",
      "parsed": 50,
      "patternsUpserted": 50,
      "edgesUpserted": 100
    },
    {
      "file": "src/scripts/seed/seed-airline-dom142-weather-disruption-risk-ai-part3.ts",
      "vertical": "airline",
      "sourceKey": "skyharbor-air",
      "parsed": 50,
      "patternsUpserted": 50,
      "edgesUpserted": 100
    },
    {
      "file": "src/scripts/seed/seed-airline-dom143-air-traffic-flow-atfm-ai-part1.ts",
      "vertical": "airline",
      "sourceKey": "skyharbor-air",
      "parsed": 50,
      "patternsUpserted": 50,
      "edgesUpserted": 100
    },
    {
      "file": "src/scripts/seed/seed-airline-dom143-air-traffic-flow-atfm-ai-part2.ts",
      "vertical": "airline",
      "sourceKey": "skyharbor-air",
      "parsed": 50,
      "patternsUpserted": 50,
      "edgesUpserted": 100
    },
    {
      "file": "src/scripts/seed/seed-airline-dom143-air-traffic-flow-atfm-ai-part3.ts",
      "vertical": "airline",
      "sourceKey": "skyharbor-air",
      "parsed": 50,
      "patternsUpserted": 50,
      "edgesUpserted": 100
    },
    {
      "file": "src/scripts/seed/seed-airline-dom144-customer-communications-comms-ai-part1.ts",
      "vertical": "airline",
      "sourceKey": "skyharbor-air",
      "parsed": 50,
      "patternsUpserted": 50,
      "edgesUpserted": 100
    },
    {
      "file": "src/scripts/seed/seed-airline-dom144-customer-communications-comms-ai-part2.ts",
      "vertical": "airline",
      "sourceKey": "skyharbor-air",
      "parsed": 50,
      "patternsUpserted": 50,
      "edgesUpserted": 100
    },
    {
      "file": "src/scripts/seed/seed-airline-dom144-customer-communications-comms-ai-part3.ts",
      "vertical": "airline",
      "sourceKey": "skyharbor-air",
      "parsed": 50,
      "patternsUpserted": 50,
      "edgesUpserted": 100
    },
    {
      "file": "src/scripts/seed/seed-airline-dom145-refunds-vouchers-servicing-ai-part1.ts",
      "vertical": "airline",
      "sourceKey": "skyharbor-air",
      "parsed": 50,
      "patternsUpserted": 50,
      "edgesUpserted": 100
    },
    {
      "file": "src/scripts/seed/seed-airline-dom145-refunds-vouchers-servicing-ai-part2.ts",
      "vertical": "airline",
      "sourceKey": "skyharbor-air",
      "parsed": 50,
      "patternsUpserted": 50,
      "edgesUpserted": 100
    },
    {
      "file": "src/scripts/seed/seed-airline-dom145-refunds-vouchers-servicing-ai-part3.ts",
      "vertical": "airline",
      "sourceKey": "skyharbor-air",
      "parsed": 50,
      "patternsUpserted": 50,
      "edgesUpserted": 100
    },
    {
      "file": "src/scripts/seed/seed-airline-dom146-loyalty-partner-ecosystem-ai-part1.ts",
      "vertical": "airline",
      "sourceKey": "skyharbor-air",
      "parsed": 50,
      "patternsUpserted": 50,
      "edgesUpserted": 100
    },
    {
      "file": "src/scripts/seed/seed-airline-dom146-loyalty-partner-ecosystem-ai-part2.ts",
      "vertical": "airline",
      "sourceKey": "skyharbor-air",
      "parsed": 50,
      "patternsUpserted": 50,
      "edgesUpserted": 100
    },
    {
      "file": "src/scripts/seed/seed-airline-dom146-loyalty-partner-ecosystem-ai-part3.ts",
      "vertical": "airline",
      "sourceKey": "skyharbor-air",
      "parsed": 50,
      "patternsUpserted": 50,
      "edgesUpserted": 100
    },
    {
      "file": "src/scripts/seed/seed-airline-dom147-agency-gds-distribution-ai-part1.ts",
      "vertical": "airline",
      "sourceKey": "skyharbor-air",
      "parsed": 50,
      "patternsUpserted": 50,
      "edgesUpserted": 100
    },
    {
      "file": "src/scripts/seed/seed-airline-dom147-agency-gds-distribution-ai-part2.ts",
      "vertical": "airline",
      "sourceKey": "skyharbor-air",
      "parsed": 50,
      "patternsUpserted": 50,
      "edgesUpserted": 100
    },
    {
      "file": "src/scripts/seed/seed-airline-dom147-agency-gds-distribution-ai-part3.ts",
      "vertical": "airline",
      "sourceKey": "skyharbor-air",
      "parsed": 50,
      "patternsUpserted": 50,
      "edgesUpserted": 100
    },
    {
      "file": "src/scripts/seed/seed-airline-dom148-retail-media-commerce-ai-part1.ts",
      "vertical": "airline",
      "sourceKey": "skyharbor-air",
      "parsed": 50,
      "patternsUpserted": 50,
      "edgesUpserted": 100
    },
    {
      "file": "src/scripts/seed/seed-airline-dom148-retail-media-commerce-ai-part2.ts",
      "vertical": "airline",
      "sourceKey": "skyharbor-air",
      "parsed": 50,
      "patternsUpserted": 50,
      "edgesUpserted": 100
    },
    {
      "file": "src/scripts/seed/seed-airline-dom148-retail-media-commerce-ai-part3.ts",
      "vertical": "airline",
      "sourceKey": "skyharbor-air",
      "parsed": 50,
      "patternsUpserted": 50,
      "edgesUpserted": 100
    },
    {
      "file": "src/scripts/seed/seed-airline-dom149-erp-workday-sap-finance-ai-part1.ts",
      "vertical": "airline",
      "sourceKey": "skyharbor-air",
      "parsed": 50,
      "patternsUpserted": 50,
      "edgesUpserted": 100
    },
    {
      "file": "src/scripts/seed/seed-airline-dom149-erp-workday-sap-finance-ai-part2.ts",
      "vertical": "airline",
      "sourceKey": "skyharbor-air",
      "parsed": 50,
      "patternsUpserted": 50,
      "edgesUpserted": 100
    },
    {
      "file": "src/scripts/seed/seed-airline-dom149-erp-workday-sap-finance-ai-part3.ts",
      "vertical": "airline",
      "sourceKey": "skyharbor-air",
      "parsed": 50,
      "patternsUpserted": 50,
      "edgesUpserted": 100
    },
    {
      "file": "src/scripts/seed/seed-airline-dom150-cloud-finops-aws-ai-part1.ts",
      "vertical": "airline",
      "sourceKey": "skyharbor-air",
      "parsed": 50,
      "patternsUpserted": 50,
      "edgesUpserted": 100
    },
    {
      "file": "src/scripts/seed/seed-airline-dom150-cloud-finops-aws-ai-part2.ts",
      "vertical": "airline",
      "sourceKey": "skyharbor-air",
      "parsed": 50,
      "patternsUpserted": 50,
      "edgesUpserted": 100
    },
    {
      "file": "src/scripts/seed/seed-airline-dom150-cloud-finops-aws-ai-part3.ts",
      "vertical": "airline",
      "sourceKey": "skyharbor-air",
      "parsed": 50,
      "patternsUpserted": 50,
      "edgesUpserted": 100
    },
    {
      "file": "src/scripts/seed/seed-airline-dom151-observability-sre-reliability-ai-part1.ts",
      "vertical": "airline",
      "sourceKey": "skyharbor-air",
      "parsed": 50,
      "patternsUpserted": 50,
      "edgesUpserted": 100
    },
    {
      "file": "src/scripts/seed/seed-airline-dom151-observability-sre-reliability-ai-part2.ts",
      "vertical": "airline",
      "sourceKey": "skyharbor-air",
      "parsed": 50,
      "patternsUpserted": 50,
      "edgesUpserted": 100
    },
    {
      "file": "src/scripts/seed/seed-airline-dom151-observability-sre-reliability-ai-part3.ts",
      "vertical": "airline",
      "sourceKey": "skyharbor-air",
      "parsed": 50,
      "patternsUpserted": 50,
      "edgesUpserted": 100
    },
    {
      "file": "src/scripts/seed/seed-airline-dom152-api-integration-eventing-ai-part1.ts",
      "vertical": "airline",
      "sourceKey": "skyharbor-air",
      "parsed": 50,
      "patternsUpserted": 50,
      "edgesUpserted": 100
    },
    {
      "file": "src/scripts/seed/seed-airline-dom152-api-integration-eventing-ai-part2.ts",
      "vertical": "airline",
      "sourceKey": "skyharbor-air",
      "parsed": 50,
      "patternsUpserted": 50,
      "edgesUpserted": 100
    },
    {
      "file": "src/scripts/seed/seed-airline-dom152-api-integration-eventing-ai-part3.ts",
      "vertical": "airline",
      "sourceKey": "skyharbor-air",
      "parsed": 50,
      "patternsUpserted": 50,
      "edgesUpserted": 100
    },
    {
      "file": "src/scripts/seed/seed-airline-dom153-testing-release-change-ai-part1.ts",
      "vertical": "airline",
      "sourceKey": "skyharbor-air",
      "parsed": 50,
      "patternsUpserted": 50,
      "edgesUpserted": 100
    },
    {
      "file": "src/scripts/seed/seed-airline-dom153-testing-release-change-ai-part2.ts",
      "vertical": "airline",
      "sourceKey": "skyharbor-air",
      "parsed": 50,
      "patternsUpserted": 50,
      "edgesUpserted": 100
    },
    {
      "file": "src/scripts/seed/seed-airline-dom153-testing-release-change-ai-part3.ts",
      "vertical": "airline",
      "sourceKey": "skyharbor-air",
      "parsed": 50,
      "patternsUpserted": 50,
      "edgesUpserted": 100
    },
    {
      "file": "src/scripts/seed/seed-airline-dom154-vendor-risk-third-party-ai-part1.ts",
      "vertical": "airline",
      "sourceKey": "skyharbor-air",
      "parsed": 50,
      "patternsUpserted": 50,
      "edgesUpserted": 100
    },
    {
      "file": "src/scripts/seed/seed-airline-dom154-vendor-risk-third-party-ai-part2.ts",
      "vertical": "airline",
      "sourceKey": "skyharbor-air",
      "parsed": 50,
      "patternsUpserted": 50,
      "edgesUpserted": 100
    },
    {
      "file": "src/scripts/seed/seed-airline-dom154-vendor-risk-third-party-ai-part3.ts",
      "vertical": "airline",
      "sourceKey": "skyharbor-air",
      "parsed": 50,
      "patternsUpserted": 50,
      "edgesUpserted": 100
    },
    {
      "file": "src/scripts/seed/seed-airline-dom155-ai-governance-model-risk-ai-part1.ts",
      "vertical": "airline",
      "sourceKey": "skyharbor-air",
      "parsed": 50,
      "patternsUpserted": 50,
      "edgesUpserted": 100
    },
    {
      "file": "src/scripts/seed/seed-airline-dom155-ai-governance-model-risk-ai-part2.ts",
      "vertical": "airline",
      "sourceKey": "skyharbor-air",
      "parsed": 50,
      "patternsUpserted": 50,
      "edgesUpserted": 100
    },
    {
      "file": "src/scripts/seed/seed-airline-dom155-ai-governance-model-risk-ai-part3.ts",
      "vertical": "airline",
      "sourceKey": "skyharbor-air",
      "parsed": 50,
      "patternsUpserted": 50,
      "edgesUpserted": 100
    },
    {
      "file": "src/scripts/seed/seed-airline-dom156-agentic-workflow-automation-ai-part1.ts",
      "vertical": "airline",
      "sourceKey": "skyharbor-air",
      "parsed": 50,
      "patternsUpserted": 50,
      "edgesUpserted": 100
    },
    {
      "file": "src/scripts/seed/seed-airline-dom156-agentic-workflow-automation-ai-part2.ts",
      "vertical": "airline",
      "sourceKey": "skyharbor-air",
      "parsed": 50,
      "patternsUpserted": 50,
      "edgesUpserted": 100
    },
    {
      "file": "src/scripts/seed/seed-airline-dom156-agentic-workflow-automation-ai-part3.ts",
      "vertical": "airline",
      "sourceKey": "skyharbor-air",
      "parsed": 50,
      "patternsUpserted": 50,
      "edgesUpserted": 100
    },
    {
      "file": "src/scripts/seed/seed-airline-dom157-ai-procurement-contracting-ai-part1.ts",
      "vertical": "airline",
      "sourceKey": "skyharbor-air",
      "parsed": 50,
      "patternsUpserted": 50,
      "edgesUpserted": 100
    },
    {
      "file": "src/scripts/seed/seed-airline-dom157-ai-procurement-contracting-ai-part2.ts",
      "vertical": "airline",
      "sourceKey": "skyharbor-air",
      "parsed": 50,
      "patternsUpserted": 50,
      "edgesUpserted": 100
    },
    {
      "file": "src/scripts/seed/seed-airline-dom157-ai-procurement-contracting-ai-part3.ts",
      "vertical": "airline",
      "sourceKey": "skyharbor-air",
      "parsed": 50,
      "patternsUpserted": 50,
      "edgesUpserted": 100
    },
    {
      "file": "src/scripts/seed/seed-airline-dom158-genai-knowledge-assistant-ai-part1.ts",
      "vertical": "airline",
      "sourceKey": "skyharbor-air",
      "parsed": 50,
      "patternsUpserted": 50,
      "edgesUpserted": 100
    },
    {
      "file": "src/scripts/seed/seed-airline-dom158-genai-knowledge-assistant-ai-part2.ts",
      "vertical": "airline",
      "sourceKey": "skyharbor-air",
      "parsed": 50,
      "patternsUpserted": 50,
      "edgesUpserted": 100
    },
    {
      "file": "src/scripts/seed/seed-airline-dom158-genai-knowledge-assistant-ai-part3.ts",
      "vertical": "airline",
      "sourceKey": "skyharbor-air",
      "parsed": 50,
      "patternsUpserted": 50,
      "edgesUpserted": 100
    },
    {
      "file": "src/scripts/seed/seed-airline-dom159-airport-biometrics-border-ai-part1.ts",
      "vertical": "airline",
      "sourceKey": "skyharbor-air",
      "parsed": 50,
      "patternsUpserted": 50,
      "edgesUpserted": 100
    },
    {
      "file": "src/scripts/seed/seed-airline-dom159-airport-biometrics-border-ai-part2.ts",
      "vertical": "airline",
      "sourceKey": "skyharbor-air",
      "parsed": 50,
      "patternsUpserted": 50,
      "edgesUpserted": 100
    },
    {
      "file": "src/scripts/seed/seed-airline-dom159-airport-biometrics-border-ai-part3.ts",
      "vertical": "airline",
      "sourceKey": "skyharbor-air",
      "parsed": 50,
      "patternsUpserted": 50,
      "edgesUpserted": 100
    },
    {
      "file": "src/scripts/seed/seed-airline-dom160-maintenance-supply-chain-ai-part1.ts",
      "vertical": "airline",
      "sourceKey": "skyharbor-air",
      "parsed": 50,
      "patternsUpserted": 50,
      "edgesUpserted": 100
    },
    {
      "file": "src/scripts/seed/seed-airline-dom160-maintenance-supply-chain-ai-part2.ts",
      "vertical": "airline",
      "sourceKey": "skyharbor-air",
      "parsed": 50,
      "patternsUpserted": 50,
      "edgesUpserted": 100
    },
    {
      "file": "src/scripts/seed/seed-airline-dom160-maintenance-supply-chain-ai-part3.ts",
      "vertical": "airline",
      "sourceKey": "skyharbor-air",
      "parsed": 50,
      "patternsUpserted": 50,
      "edgesUpserted": 100
    },
    {
      "file": "src/scripts/seed/seed-airline-dom161-technical-operations-workforce-ai-part1.ts",
      "vertical": "airline",
      "sourceKey": "skyharbor-air",
      "parsed": 50,
      "patternsUpserted": 50,
      "edgesUpserted": 100
    },
    {
      "file": "src/scripts/seed/seed-airline-dom161-technical-operations-workforce-ai-part2.ts",
      "vertical": "airline",
      "sourceKey": "skyharbor-air",
      "parsed": 50,
      "patternsUpserted": 50,
      "edgesUpserted": 100
    },
    {
      "file": "src/scripts/seed/seed-airline-dom161-technical-operations-workforce-ai-part3.ts",
      "vertical": "airline",
      "sourceKey": "skyharbor-air",
      "parsed": 50,
      "patternsUpserted": 50,
      "edgesUpserted": 100
    },
    {
      "file": "src/scripts/seed/seed-airline-dom162-sustainability-reporting-esg-ai-part1.ts",
      "vertical": "airline",
      "sourceKey": "skyharbor-air",
      "parsed": 50,
      "patternsUpserted": 50,
      "edgesUpserted": 100
    },
    {
      "file": "src/scripts/seed/seed-airline-dom162-sustainability-reporting-esg-ai-part2.ts",
      "vertical": "airline",
      "sourceKey": "skyharbor-air",
      "parsed": 50,
      "patternsUpserted": 50,
      "edgesUpserted": 100
    },
    {
      "file": "src/scripts/seed/seed-airline-dom162-sustainability-reporting-esg-ai-part3.ts",
      "vertical": "airline",
      "sourceKey": "skyharbor-air",
      "parsed": 50,
      "patternsUpserted": 50,
      "edgesUpserted": 100
    },
    {
      "file": "src/scripts/seed/seed-airline-dom163-network-partnerships-jv-ai-part1.ts",
      "vertical": "airline",
      "sourceKey": "skyharbor-air",
      "parsed": 50,
      "patternsUpserted": 50,
      "edgesUpserted": 100
    },
    {
      "file": "src/scripts/seed/seed-airline-dom163-network-partnerships-jv-ai-part2.ts",
      "vertical": "airline",
      "sourceKey": "skyharbor-air",
      "parsed": 50,
      "patternsUpserted": 50,
      "edgesUpserted": 100
    },
    {
      "file": "src/scripts/seed/seed-airline-dom163-network-partnerships-jv-ai-part3.ts",
      "vertical": "airline",
      "sourceKey": "skyharbor-air",
      "parsed": 50,
      "patternsUpserted": 50,
      "edgesUpserted": 100
    },
    {
      "file": "src/scripts/seed/seed-airline-dom164-airport-real-estate-capex-ai-part1.ts",
      "vertical": "airline",
      "sourceKey": "skyharbor-air",
      "parsed": 50,
      "patternsUpserted": 50,
      "edgesUpserted": 100
    },
    {
      "file": "src/scripts/seed/seed-airline-dom164-airport-real-estate-capex-ai-part2.ts",
      "vertical": "airline",
      "sourceKey": "skyharbor-air",
      "parsed": 50,
      "patternsUpserted": 50,
      "edgesUpserted": 100
    },
    {
      "file": "src/scripts/seed/seed-airline-dom164-airport-real-estate-capex-ai-part3.ts",
      "vertical": "airline",
      "sourceKey": "skyharbor-air",
      "parsed": 50,
      "patternsUpserted": 50,
      "edgesUpserted": 100
    },
    {
      "file": "src/scripts/seed/seed-airline-dom165-customer-sentiment-brand-ai-part1.ts",
      "vertical": "airline",
      "sourceKey": "skyharbor-air",
      "parsed": 50,
      "patternsUpserted": 50,
      "edgesUpserted": 100
    },
    {
      "file": "src/scripts/seed/seed-airline-dom165-customer-sentiment-brand-ai-part2.ts",
      "vertical": "airline",
      "sourceKey": "skyharbor-air",
      "parsed": 50,
      "patternsUpserted": 50,
      "edgesUpserted": 100
    },
    {
      "file": "src/scripts/seed/seed-airline-dom165-customer-sentiment-brand-ai-part3.ts",
      "vertical": "airline",
      "sourceKey": "skyharbor-air",
      "parsed": 50,
      "patternsUpserted": 50,
      "edgesUpserted": 100
    },
    {
      "file": "src/scripts/seed/seed-airline-dom166-health-safety-public-health-ai-part1.ts",
      "vertical": "airline",
      "sourceKey": "skyharbor-air",
      "parsed": 50,
      "patternsUpserted": 50,
      "edgesUpserted": 100
    },
    {
      "file": "src/scripts/seed/seed-airline-dom166-health-safety-public-health-ai-part2.ts",
      "vertical": "airline",
      "sourceKey": "skyharbor-air",
      "parsed": 50,
      "patternsUpserted": 50,
      "edgesUpserted": 100
    },
    {
      "file": "src/scripts/seed/seed-airline-dom166-health-safety-public-health-ai-part3.ts",
      "vertical": "airline",
      "sourceKey": "skyharbor-air",
      "parsed": 50,
      "patternsUpserted": 50,
      "edgesUpserted": 100
    },
    {
      "file": "src/scripts/seed/seed-airline-dom167-regional-operations-partner-ai-part1.ts",
      "vertical": "airline",
      "sourceKey": "skyharbor-air",
      "parsed": 50,
      "patternsUpserted": 50,
      "edgesUpserted": 100
    },
    {
      "file": "src/scripts/seed/seed-airline-dom167-regional-operations-partner-ai-part2.ts",
      "vertical": "airline",
      "sourceKey": "skyharbor-air",
      "parsed": 50,
      "patternsUpserted": 50,
      "edgesUpserted": 100
    },
    {
      "file": "src/scripts/seed/seed-airline-dom167-regional-operations-partner-ai-part3.ts",
      "vertical": "airline",
      "sourceKey": "skyharbor-air",
      "parsed": 50,
      "patternsUpserted": 50,
      "edgesUpserted": 100
    },
    {
      "file": "src/scripts/seed/seed-airline-dom168-irregular-ops-cost-accounting-ai-part1.ts",
      "vertical": "airline",
      "sourceKey": "skyharbor-air",
      "parsed": 50,
      "patternsUpserted": 50,
      "edgesUpserted": 100
    },
    {
      "file": "src/scripts/seed/seed-airline-dom168-irregular-ops-cost-accounting-ai-part2.ts",
      "vertical": "airline",
      "sourceKey": "skyharbor-air",
      "parsed": 50,
      "patternsUpserted": 50,
      "edgesUpserted": 100
    },
    {
      "file": "src/scripts/seed/seed-airline-dom168-irregular-ops-cost-accounting-ai-part3.ts",
      "vertical": "airline",
      "sourceKey": "skyharbor-air",
      "parsed": 50,
      "patternsUpserted": 50,
      "edgesUpserted": 100
    },
    {
      "file": "src/scripts/seed/seed-airline-dom169-subscription-travel-products-ai-part1.ts",
      "vertical": "airline",
      "sourceKey": "skyharbor-air",
      "parsed": 50,
      "patternsUpserted": 50,
      "edgesUpserted": 100
    },
    {
      "file": "src/scripts/seed/seed-airline-dom169-subscription-travel-products-ai-part2.ts",
      "vertical": "airline",
      "sourceKey": "skyharbor-air",
      "parsed": 50,
      "patternsUpserted": 50,
      "edgesUpserted": 100
    },
    {
      "file": "src/scripts/seed/seed-airline-dom169-subscription-travel-products-ai-part3.ts",
      "vertical": "airline",
      "sourceKey": "skyharbor-air",
      "parsed": 50,
      "patternsUpserted": 50,
      "edgesUpserted": 100
    },
    {
      "file": "src/scripts/seed/seed-airline-dom170-airline-startup-ecosystem-ai-part1.ts",
      "vertical": "airline",
      "sourceKey": "skyharbor-air",
      "parsed": 50,
      "patternsUpserted": 50,
      "edgesUpserted": 100
    },
    {
      "file": "src/scripts/seed/seed-airline-dom170-airline-startup-ecosystem-ai-part2.ts",
      "vertical": "airline",
      "sourceKey": "skyharbor-air",
      "parsed": 50,
      "patternsUpserted": 50,
      "edgesUpserted": 100
    },
    {
      "file": "src/scripts/seed/seed-airline-dom170-airline-startup-ecosystem-ai-part3.ts",
      "vertical": "airline",
      "sourceKey": "skyharbor-air",
      "parsed": 50,
      "patternsUpserted": 50,
      "edgesUpserted": 100
    },
    {
      "file": "src/scripts/seed/seed-airline-dom171-operations-control-center-ai-part1.ts",
      "vertical": "airline",
      "sourceKey": "skyharbor-air",
      "parsed": 50,
      "patternsUpserted": 50,
      "edgesUpserted": 100
    },
    {
      "file": "src/scripts/seed/seed-airline-dom171-operations-control-center-ai-part2.ts",
      "vertical": "airline",
      "sourceKey": "skyharbor-air",
      "parsed": 50,
      "patternsUpserted": 50,
      "edgesUpserted": 100
    },
    {
      "file": "src/scripts/seed/seed-airline-dom171-operations-control-center-ai-part3.ts",
      "vertical": "airline",
      "sourceKey": "skyharbor-air",
      "parsed": 50,
      "patternsUpserted": 50,
      "edgesUpserted": 100
    },
    {
      "file": "src/scripts/seed/seed-airline-dom172-board-transformation-portfolio-ai-part1.ts",
      "vertical": "airline",
      "sourceKey": "skyharbor-air",
      "parsed": 50,
      "patternsUpserted": 50,
      "edgesUpserted": 100
    },
    {
      "file": "src/scripts/seed/seed-airline-dom172-board-transformation-portfolio-ai-part2.ts",
      "vertical": "airline",
      "sourceKey": "skyharbor-air",
      "parsed": 50,
      "patternsUpserted": 50,
      "edgesUpserted": 100
    },
    {
      "file": "src/scripts/seed/seed-airline-dom172-board-transformation-portfolio-ai-part3.ts",
      "vertical": "airline",
      "sourceKey": "skyharbor-air",
      "parsed": 50,
      "patternsUpserted": 50,
      "edgesUpserted": 100
    },
    {
      "file": "src/scripts/seed/seed-airline-dom173-deicing-winter-ops-ai-part1.ts",
      "vertical": "airline",
      "sourceKey": "skyharbor-air",
      "parsed": 50,
      "patternsUpserted": 50,
      "edgesUpserted": 100
    },
    {
      "file": "src/scripts/seed/seed-airline-dom173-deicing-winter-ops-ai-part2.ts",
      "vertical": "airline",
      "sourceKey": "skyharbor-air",
      "parsed": 50,
      "patternsUpserted": 50,
      "edgesUpserted": 100
    },
    {
      "file": "src/scripts/seed/seed-airline-dom173-deicing-winter-ops-ai-part3.ts",
      "vertical": "airline",
      "sourceKey": "skyharbor-air",
      "parsed": 50,
      "patternsUpserted": 50,
      "edgesUpserted": 100
    },
    {
      "file": "src/scripts/seed/seed-airline-dom174-security-operations-airport-ai-part1.ts",
      "vertical": "airline",
      "sourceKey": "skyharbor-air",
      "parsed": 50,
      "patternsUpserted": 50,
      "edgesUpserted": 100
    },
    {
      "file": "src/scripts/seed/seed-airline-dom174-security-operations-airport-ai-part2.ts",
      "vertical": "airline",
      "sourceKey": "skyharbor-air",
      "parsed": 50,
      "patternsUpserted": 50,
      "edgesUpserted": 100
    },
    {
      "file": "src/scripts/seed/seed-airline-dom174-security-operations-airport-ai-part3.ts",
      "vertical": "airline",
      "sourceKey": "skyharbor-air",
      "parsed": 50,
      "patternsUpserted": 50,
      "edgesUpserted": 100
    },
    {
      "file": "src/scripts/seed/seed-airline-dom175-travel-document-visa-ai-part1.ts",
      "vertical": "airline",
      "sourceKey": "skyharbor-air",
      "parsed": 50,
      "patternsUpserted": 50,
      "edgesUpserted": 100
    },
    {
      "file": "src/scripts/seed/seed-airline-dom175-travel-document-visa-ai-part2.ts",
      "vertical": "airline",
      "sourceKey": "skyharbor-air",
      "parsed": 50,
      "patternsUpserted": 50,
      "edgesUpserted": 100
    },
    {
      "file": "src/scripts/seed/seed-airline-dom175-travel-document-visa-ai-part3.ts",
      "vertical": "airline",
      "sourceKey": "skyharbor-air",
      "parsed": 50,
      "patternsUpserted": 50,
      "edgesUpserted": 100
    },
    {
      "file": "src/scripts/seed/seed-airline-dom176-executive-decision-intelligence-ai-part1.ts",
      "vertical": "airline",
      "sourceKey": "skyharbor-air",
      "parsed": 50,
      "patternsUpserted": 50,
      "edgesUpserted": 100
    },
    {
      "file": "src/scripts/seed/seed-airline-dom176-executive-decision-intelligence-ai-part2.ts",
      "vertical": "airline",
      "sourceKey": "skyharbor-air",
      "parsed": 50,
      "patternsUpserted": 50,
      "edgesUpserted": 100
    },
    {
      "file": "src/scripts/seed/seed-airline-dom176-executive-decision-intelligence-ai-part3.ts",
      "vertical": "airline",
      "sourceKey": "skyharbor-air",
      "parsed": 50,
      "patternsUpserted": 50,
      "edgesUpserted": 100
    }
  ]
}
